../Core/Src/main.c:82:13:PrivilegiosSVC	40	static,ignoring_inline_asm
../Core/Src/main.c:137:6:zeros	24	static
../Core/Src/main.c:146:6:productoEscalar32	32	static
../Core/Src/main.c:155:6:productoEscalar16	32	static
../Core/Src/main.c:167:6:productoEscalar12	32	static
../Core/Src/main.c:179:6:filtroVentana10	48	static
../Core/Src/main.c:198:9:max	24	static
../Core/Src/main.c:215:5:main	64	static
../Core/Src/main.c:276:6:SystemClock_Config	88	static
../Core/Src/main.c:322:13:MX_ETH_Init	8	static
../Core/Src/main.c:371:13:MX_USART3_UART_Init	8	static
../Core/Src/main.c:404:13:MX_USB_OTG_FS_PCD_Init	8	static
../Core/Src/main.c:439:13:MX_GPIO_Init	56	static
../Core/Src/main.c:493:6:Error_Handler	4	static,ignoring_inline_asm
