../Core/Src/main.c:74:13:PrivilegiosSVC	40	static,ignoring_inline_asm
../Core/Src/main.c:129:6:zeros	24	static
../Core/Src/main.c:138:6:productoEscalar32	32	static
../Core/Src/main.c:147:6:productoEscalar16	32	static
../Core/Src/main.c:159:6:productoEscalar12	32	static
../Core/Src/main.c:176:5:main	56	static
../Core/Src/main.c:231:6:SystemClock_Config	88	static
../Core/Src/main.c:277:13:MX_ETH_Init	8	static
../Core/Src/main.c:326:13:MX_USART3_UART_Init	8	static
../Core/Src/main.c:359:13:MX_USB_OTG_FS_PCD_Init	8	static
../Core/Src/main.c:394:13:MX_GPIO_Init	56	static
../Core/Src/main.c:448:6:Error_Handler	4	static,ignoring_inline_asm
